D:\Embedded C\MKL82Z7_Project_Adc\MKL82Z7_Project_Adc\drivers/fsl_clock.h:639:20:CLOCK_EnableClock	24	static
D:\Embedded C\MKL82Z7_Project_Adc\MKL82Z7_Project_Adc\drivers/fsl_clock.h:650:20:CLOCK_DisableClock	24	static
D:\Embedded C\MKL82Z7_Project_Adc\MKL82Z7_Project_Adc\drivers/fsl_clock.h:671:20:CLOCK_SetEmvsimClock	16	static
D:\Embedded C\MKL82Z7_Project_Adc\MKL82Z7_Project_Adc\drivers/fsl_clock.h:681:20:CLOCK_SetLpuartClock	16	static
D:\Embedded C\MKL82Z7_Project_Adc\MKL82Z7_Project_Adc\drivers/fsl_clock.h:691:20:CLOCK_SetTpmClock	16	static
D:\Embedded C\MKL82Z7_Project_Adc\MKL82Z7_Project_Adc\drivers/fsl_clock.h:701:20:CLOCK_SetFlexio0Clock	16	static
D:\Embedded C\MKL82Z7_Project_Adc\MKL82Z7_Project_Adc\drivers/fsl_clock.h:724:20:CLOCK_SetClkOutClock	16	static
D:\Embedded C\MKL82Z7_Project_Adc\MKL82Z7_Project_Adc\drivers/fsl_clock.h:734:20:CLOCK_SetRtcClkOutClock	16	static
D:\Embedded C\MKL82Z7_Project_Adc\MKL82Z7_Project_Adc\drivers/fsl_clock.h:879:20:CLOCK_SetSimSafeDivs	8	static
D:\Embedded C\MKL82Z7_Project_Adc\MKL82Z7_Project_Adc\drivers/fsl_clock.h:1221:20:CLOCK_SetXtal0Freq	16	static
D:\Embedded C\MKL82Z7_Project_Adc\MKL82Z7_Project_Adc\drivers/fsl_clock.h:1231:20:CLOCK_SetXtal32Freq	16	static
D:\Embedded C\MKL82Z7_Project_Adc\MKL82Z7_Project_Adc\drivers/fsl_smc.h:260:20:SMC_SetPowerModeProtection	16	static
D:\Embedded C\MKL82Z7_Project_Adc\MKL82Z7_Project_Adc\drivers/fsl_smc.h:279:33:SMC_GetPowerModeState	16	static
D:\Embedded C\MKL82Z7_Project_Adc\MKL82Z7_Project_Adc\drivers/fsl_rtc.h:389:20:RTC_SetOscCapLoad	24	static
../board/clock_config.c:95:13:CLOCK_CONFIG_SetRtcClock	16	static
../board/clock_config.c:129:13:CLOCK_CONFIG_SetFllExtRefDiv	16	static
../board/clock_config.c:137:6:BOARD_InitBootClocks	8	static
../board/clock_config.c:262:6:BOARD_BootClockHSRUN	8	static
../board/clock_config.c:375:6:BOARD_BootClockVLPR	8	static
