D:\Embedded C\MKL82Z7_Project_Adc\MKL82Z7_Project_Adc\drivers/fsl_clock.h:639:20:CLOCK_EnableClock	24	static
D:\Embedded C\MKL82Z7_Project_Adc\MKL82Z7_Project_Adc\drivers/fsl_port.h:243:20:PORT_SetPinConfig	32	static
D:\Embedded C\MKL82Z7_Project_Adc\MKL82Z7_Project_Adc\drivers/fsl_port.h:346:20:PORT_SetPinMux	24	static
../board/pin_mux.c:119:6:BOARD_InitBootPins	8	static
../board/pin_mux.c:141:6:BOARD_InitPins	8	static
../board/pin_mux.c:171:6:BOARD_InitOSCPins	16	static
../board/pin_mux.c:225:6:BOARD_InitRTCPins	8	static
../board/pin_mux.c:249:6:BOARD_InitDEBUG_UARTPins	16	static
../board/pin_mux.c:315:6:BOARD_InitBUTTONsPins	24	static
../board/pin_mux.c:389:6:BOARD_InitLEDsPins	32	static
../board/pin_mux.c:479:6:BOARD_InitUSBPins	8	static
../board/pin_mux.c:501:6:BOARD_InitTSIPins	16	static
../board/pin_mux.c:565:6:BOARD_InitQSPIPins	32	static
../board/pin_mux.c:681:6:BOARD_InitBLUETOOTHPins	8	static
../board/pin_mux.c:761:6:BOARD_InitACCELPins	24	static
